[+] Containers:
 |- [+] Container: /Game/_RHB_MAIN/Levels/Main_Arena
 |   |- [+] ActorDescs:
 |   |   |- Guid:122E3598EA3E3AEF957A5687F41B79A6 NativeClass:/Script/Engine.StaticMeshActor Name:StaticMeshActor_37 Label:SM_Cube3 SpatiallyLoaded:true EditorBounds:IsValid=true, Min=(X=0.000 Y=4900.000 Z=0.000), Max=(X=3000.000 Y=5000.000 Z=400.000) RuntimeBounds:IsValid=true, Min=(X=0.000 Y=4900.000 Z=0.000), Max=(X=3000.000 Y=5000.000 Z=400.000) RuntimeGrid:None EditorOnly:false RuntimeOnly:false HLODRelevant:true ListedInSceneOutliner:true IsMainWorldOnly:false FolderPath:Playground FolderGuid:8CD33C9A4E75AD59B95486AC740693D6
 |   |   |- Guid:27D649726ACD3933A16B0487A05421F8 NativeClass:/Script/Engine.StaticMeshActor Name:StaticMeshActor_UAID_D4D853DAEA85EE5C02_1450201540 Label:SM_Cube7 SpatiallyLoaded:true EditorBounds:IsValid=true, Min=(X=2900.000 Y=-1510.000 Z=0.000), Max=(X=3000.000 Y=1690.000 Z=400.000) RuntimeBounds:IsValid=true, Min=(X=2900.000 Y=-1510.000 Z=0.000), Max=(X=3000.000 Y=1690.000 Z=400.000) RuntimeGrid:None EditorOnly:false RuntimeOnly:false HLODRelevant:true ListedInSceneOutliner:true IsMainWorldOnly:false FolderPath:Playground FolderGuid:8CD33C9A4E75AD59B95486AC740693D6
 |   |   |- Guid:2A180340A65631C597D362D561AB6B4B NativeClass:/Script/Engine.TextRenderActor Name:TextRenderActor_1 Label:TextRenderActor SpatiallyLoaded:true EditorBounds:IsValid=true, Min=(X=-128.100 Y=972.000 Z=12.013), Max=(X=127.900 Y=2392.308 Z=268.013) RuntimeBounds:IsValid=true, Min=(X=-0.100 Y=1100.000 Z=65.013), Max=(X=-0.100 Y=2392.308 Z=215.013) RuntimeGrid:None EditorOnly:false RuntimeOnly:false HLODRelevant:false ListedInSceneOutliner:true IsMainWorldOnly:false
 |   |   |- Guid:2D7A5A7536DB3B53AD19A5F8238744F9 NativeClass:/Script/Engine.StaticMeshActor Name:StaticMeshActor_34 Label:SM_ChamferCube SpatiallyLoaded:true EditorBounds:IsValid=true, Min=(X=2550.000 Y=2940.000 Z=0.013), Max=(X=2650.000 Y=3040.000 Z=100.013) RuntimeBounds:IsValid=true, Min=(X=2550.000 Y=2940.000 Z=0.013), Max=(X=2650.000 Y=3040.000 Z=100.013) RuntimeGrid:None EditorOnly:false RuntimeOnly:false HLODRelevant:false ListedInSceneOutliner:true IsMainWorldOnly:false
 |   |   |- Guid:2E79290F0B1D342699DEE57F025D0C88 NativeClass:/Script/Engine.StaticMeshActor Name:StaticMeshActor_42 Label:SM_Cube5 SpatiallyLoaded:true EditorBounds:IsValid=true, Min=(X=-0.000 Y=1680.000 Z=0.000), Max=(X=100.000 Y=4980.000 Z=400.000) RuntimeBounds:IsValid=true, Min=(X=-0.000 Y=1680.000 Z=0.000), Max=(X=100.000 Y=4980.000 Z=400.000) RuntimeGrid:None EditorOnly:false RuntimeOnly:false HLODRelevant:true ListedInSceneOutliner:true IsMainWorldOnly:false FolderPath:Playground FolderGuid:8CD33C9A4E75AD59B95486AC740693D6
 |   |   |- Guid:302B9D1F7DAC31F79092B03C6E02DA9A NativeClass:/Script/Engine.SkyLight Name:SkyLight_0 Label:SkyLight SpatiallyLoaded:false EditorBounds:IsValid=true, Min=(X=-1.000 Y=-1.000 Z=-1.000), Max=(X=1.000 Y=1.000 Z=690.000) RuntimeBounds:IsValid=true, Min=(X=0.000 Y=0.000 Z=690.000), Max=(X=0.000 Y=0.000 Z=690.000) RuntimeGrid:None EditorOnly:false RuntimeOnly:false HLODRelevant:false ListedInSceneOutliner:true IsMainWorldOnly:false FolderPath:Lighting FolderGuid:08A10B054C95868C663DE39EE4343813
 |   |   |- Guid:3329E642EBFD3D8A826833EAF4C57AB8 NativeClass:/Script/Engine.StaticMeshActor Name:StaticMeshActor_UAID_D4D853DAEA85EE5C02_1261204538 Label:SM_ChamferCube7 SpatiallyLoaded:true EditorBounds:IsValid=true, Min=(X=2550.000 Y=980.000 Z=0.013), Max=(X=2650.000 Y=1080.000 Z=100.013) RuntimeBounds:IsValid=true, Min=(X=2550.000 Y=980.000 Z=0.013), Max=(X=2650.000 Y=1080.000 Z=100.013) RuntimeGrid:None EditorOnly:false RuntimeOnly:false HLODRelevant:false ListedInSceneOutliner:true IsMainWorldOnly:false
 |   |   |- Guid:5278B2752FD83BAB8A35C647805C4A7B NativeClass:/Script/Engine.StaticMeshActor Name:StaticMeshActor_UAID_D4D853DAEA85EE5C02_1248950535 Label:SM_ChamferCube4 SpatiallyLoaded:true EditorBounds:IsValid=true, Min=(X=550.000 Y=2290.000 Z=0.013), Max=(X=650.000 Y=2390.000 Z=100.013) RuntimeBounds:IsValid=true, Min=(X=550.000 Y=2290.000 Z=0.013), Max=(X=650.000 Y=2390.000 Z=100.013) RuntimeGrid:None EditorOnly:false RuntimeOnly:false HLODRelevant:false ListedInSceneOutliner:true IsMainWorldOnly:false
 |   |   |- Guid:590575AFF28733FABC40770FE2FB4FEA NativeClass:/Script/Engine.StaticMeshActor Name:StaticMeshActor_UAID_D4D853DAEA85EE5C02_1261203537 Label:SM_ChamferCube6 SpatiallyLoaded:true EditorBounds:IsValid=true, Min=(X=550.000 Y=930.000 Z=0.013), Max=(X=650.000 Y=1030.000 Z=100.013) RuntimeBounds:IsValid=true, Min=(X=550.000 Y=930.000 Z=0.013), Max=(X=650.000 Y=1030.000 Z=100.013) RuntimeGrid:None EditorOnly:false RuntimeOnly:false HLODRelevant:false ListedInSceneOutliner:true IsMainWorldOnly:false
 |   |   |- Guid:7043C07D783C33D69C911F506FD270D0 NativeClass:/Script/Engine.StaticMeshActor Name:StaticMeshActor_40 Label:SM_ChamferCube2 SpatiallyLoaded:true EditorBounds:IsValid=true, Min=(X=550.000 Y=2890.000 Z=0.013), Max=(X=650.000 Y=2990.000 Z=100.013) RuntimeBounds:IsValid=true, Min=(X=550.000 Y=2890.000 Z=0.013), Max=(X=650.000 Y=2990.000 Z=100.013) RuntimeGrid:None EditorOnly:false RuntimeOnly:false HLODRelevant:false ListedInSceneOutliner:true IsMainWorldOnly:false
 |   |   |- Guid:73137936F2D937F480729C4C6D04D2CC NativeClass:/Script/Engine.VolumetricCloud Name:VolumetricCloud_1 Label:VolumetricCloud SpatiallyLoaded:false EditorBounds:IsValid=true, Min=(X=-128.000 Y=-128.000 Z=692.000), Max=(X=128.000 Y=128.000 Z=948.000) RuntimeBounds:IsValid=true, Min=(X=0.000 Y=0.000 Z=820.000), Max=(X=0.000 Y=0.000 Z=820.000) RuntimeGrid:None EditorOnly:false RuntimeOnly:false HLODRelevant:false ListedInSceneOutliner:true IsMainWorldOnly:false FolderPath:Lighting FolderGuid:08A10B054C95868C663DE39EE4343813
 |   |   |- Guid:79C0196242ECF67825AEF7BC74ABB899 NativeClass:/Script/Engine.PlayerStart Name:PlayerStart_UAID_D4D853DAEA85EE5C02_1663816542 Label:PlayerStart2 SpatiallyLoaded:false EditorBounds:IsValid=true, Min=(X=1482.000 Y=1130.000 Z=-35.987), Max=(X=1738.000 Y=1498.000 Z=220.013) RuntimeBounds:IsValid=true, Min=(X=1570.000 Y=1330.000 Z=0.013), Max=(X=1650.000 Y=1410.000 Z=184.013) RuntimeGrid:None EditorOnly:false RuntimeOnly:false HLODRelevant:false ListedInSceneOutliner:true IsMainWorldOnly:false
 |   |   |- Guid:889F227BD62330A18AFACF56894712AD NativeClass:/Script/Engine.StaticMeshActor Name:StaticMeshActor_43 Label:SM_Cube6 SpatiallyLoaded:true EditorBounds:IsValid=true, Min=(X=2900.000 Y=1680.000 Z=0.000), Max=(X=3000.000 Y=4980.000 Z=400.000) RuntimeBounds:IsValid=true, Min=(X=2900.000 Y=1680.000 Z=0.000), Max=(X=3000.000 Y=4980.000 Z=400.000) RuntimeGrid:None EditorOnly:false RuntimeOnly:false HLODRelevant:true ListedInSceneOutliner:true IsMainWorldOnly:false FolderPath:Playground FolderGuid:8CD33C9A4E75AD59B95486AC740693D6
 |   |   |- Guid:8B22B95643360BC8A70B8EBC74C50534 BaseClass:/Game/_RHB_MAIN/Blueprints/AActors/BP_RHB_GameBall.BP_RHB_GameBall_C NativeClass:/Script/Robots_HeadBall.RHB_GameBall Name:BP_RHB_GameBall_C_UAID_D4D853DAEA85FE5C02_1404888351 Label:BP_RHB_GameBall SpatiallyLoaded:true EditorBounds:IsValid=true, Min=(X=1642.500 Y=822.500 Z=202.500), Max=(X=1677.500 Y=857.500 Z=237.500) RuntimeBounds:IsValid=true, Min=(X=1642.500 Y=822.500 Z=202.500), Max=(X=1677.500 Y=857.500 Z=237.500) RuntimeGrid:None EditorOnly:false RuntimeOnly:false HLODRelevant:false ListedInSceneOutliner:true IsMainWorldOnly:false
 |   |   |- Guid:8EDD8922F2253798AA8CAEDF650DE0C7 NativeClass:/Script/Engine.StaticMeshActor Name:StaticMeshActor_UAID_D4D853DAEA85EE5C02_1450203541 Label:SM_Cube8 SpatiallyLoaded:true EditorBounds:IsValid=true, Min=(X=-0.000 Y=-1510.000 Z=0.000), Max=(X=100.000 Y=1690.000 Z=400.000) RuntimeBounds:IsValid=true, Min=(X=-0.000 Y=-1510.000 Z=0.000), Max=(X=100.000 Y=1690.000 Z=400.000) RuntimeGrid:None EditorOnly:false RuntimeOnly:false HLODRelevant:true ListedInSceneOutliner:true IsMainWorldOnly:false FolderPath:Playground FolderGuid:8CD33C9A4E75AD59B95486AC740693D6
 |   |   |- Guid:91384DE652AA3151BDF43A0D0BB5D5C7 NativeClass:/Script/Engine.StaticMeshActor Name:StaticMeshActor_36 Label:SM_Cube2 SpatiallyLoaded:true EditorBounds:IsValid=true, Min=(X=0.000 Y=-1500.000 Z=0.000), Max=(X=3000.000 Y=-1400.000 Z=400.000) RuntimeBounds:IsValid=true, Min=(X=0.000 Y=-1500.000 Z=0.000), Max=(X=3000.000 Y=-1400.000 Z=400.000) RuntimeGrid:None EditorOnly:false RuntimeOnly:false HLODRelevant:true ListedInSceneOutliner:true IsMainWorldOnly:false FolderPath:Playground FolderGuid:8CD33C9A4E75AD59B95486AC740693D6
 |   |   |- Guid:A5E314C0EAD535509909536C98D31582 NativeClass:/Script/Engine.ExponentialHeightFog Name:ExponentialHeightFog_1 Label:ExponentialHeightFog SpatiallyLoaded:false EditorBounds:IsValid=true, Min=(X=-5728.000 Y=-178.000 Z=-6978.000), Max=(X=-5472.000 Y=78.000 Z=-6722.000) RuntimeBounds:IsValid=true, Min=(X=-5600.000 Y=-50.000 Z=-6850.000), Max=(X=-5600.000 Y=-50.000 Z=-6850.000) RuntimeGrid:None EditorOnly:false RuntimeOnly:false HLODRelevant:false ListedInSceneOutliner:true IsMainWorldOnly:false FolderPath:Lighting FolderGuid:08A10B054C95868C663DE39EE4343813
 |   |   |- Guid:A984D653E38130769CE74A07BF867469 NativeClass:/Script/Engine.PostProcessVolume Name:PostProcessVolume_0 Label:PostProcessVolume SpatiallyLoaded:false EditorBounds:IsValid=true, Min=(X=0.000 Y=0.000 Z=400.000), Max=(X=200.000 Y=200.000 Z=600.000) RuntimeBounds:IsValid=true, Min=(X=0.000 Y=0.000 Z=400.000), Max=(X=200.000 Y=200.000 Z=600.000) RuntimeGrid:None EditorOnly:false RuntimeOnly:false HLODRelevant:false ListedInSceneOutliner:true IsMainWorldOnly:false FolderPath:Lighting FolderGuid:08A10B054C95868C663DE39EE4343813
 |   |   |- Guid:CC6E1A432DCA3B318314900B214B4D45 NativeClass:/Script/Engine.StaticMeshActor Name:StaticMeshActor_UAID_A4AE111137DC5EFB00_1594956423 Label:SM_SkySphere SpatiallyLoaded:false EditorBounds:IsValid=true, Min=(X=-1638400.000 Y=-1638400.000 Z=-1638400.000), Max=(X=1638400.000 Y=1638400.000 Z=1638400.000) RuntimeBounds:IsValid=true, Min=(X=-1638400.000 Y=-1638400.000 Z=-1638400.000), Max=(X=1638400.000 Y=1638400.000 Z=1638400.000) RuntimeGrid:None EditorOnly:false RuntimeOnly:false HLODRelevant:false ListedInSceneOutliner:true IsMainWorldOnly:false FolderPath:Lighting FolderGuid:08A10B054C95868C663DE39EE4343813
 |   |   |- Guid:CCE4F61F1B6B35129CA5D7CA5FBB3D15 NativeClass:/Script/Engine.SkyAtmosphere Name:SkyAtmosphere_1 Label:SkyAtmosphere SpatiallyLoaded:false EditorBounds:IsValid=true, Min=(X=-128.000 Y=-128.000 Z=892.000), Max=(X=240.000 Y=128.000 Z=1148.000) RuntimeBounds:IsValid=true, Min=(X=0.000 Y=0.000 Z=1020.000), Max=(X=0.000 Y=0.000 Z=1020.000) RuntimeGrid:None EditorOnly:false RuntimeOnly:false HLODRelevant:false ListedInSceneOutliner:true IsMainWorldOnly:false FolderPath:Lighting FolderGuid:08A10B054C95868C663DE39EE4343813
 |   |   |- Guid:D9BF3F32FE053091BDE48ED4E992207A NativeClass:/Script/Engine.StaticMeshActor Name:StaticMeshActor_UAID_D4D853DAEA85EE5C02_1261201536 Label:SM_ChamferCube5 SpatiallyLoaded:true EditorBounds:IsValid=true, Min=(X=2560.000 Y=330.000 Z=0.013), Max=(X=2660.000 Y=430.000 Z=100.013) RuntimeBounds:IsValid=true, Min=(X=2560.000 Y=330.000 Z=0.013), Max=(X=2660.000 Y=430.000 Z=100.013) RuntimeGrid:None EditorOnly:false RuntimeOnly:false HLODRelevant:false ListedInSceneOutliner:true IsMainWorldOnly:false
 |   |   |- Guid:E0F45CBFFF8B3661831C5D484F9AC140 NativeClass:/Script/Engine.StaticMeshActor Name:StaticMeshActor_UAID_D4D853DAEA85EE5C02_1261205539 Label:SM_ChamferCube8 SpatiallyLoaded:true EditorBounds:IsValid=true, Min=(X=550.000 Y=330.000 Z=0.013), Max=(X=650.000 Y=430.000 Z=100.013) RuntimeBounds:IsValid=true, Min=(X=550.000 Y=330.000 Z=0.013), Max=(X=650.000 Y=430.000 Z=100.013) RuntimeGrid:None EditorOnly:false RuntimeOnly:false HLODRelevant:false ListedInSceneOutliner:true IsMainWorldOnly:false
 |   |   |- Guid:E76369FDDCD336EDADAFB90F197FB16F NativeClass:/Script/Engine.DirectionalLight Name:DirectionalLight_1 Label:DirectionalLight SpatiallyLoaded:false EditorBounds:IsValid=false, Min=(X=0.000 Y=0.000 Z=0.000), Max=(X=0.000 Y=0.000 Z=0.000) RuntimeBounds:IsValid=false, Min=(X=0.000 Y=0.000 Z=0.000), Max=(X=0.000 Y=0.000 Z=0.000) RuntimeGrid:None EditorOnly:false RuntimeOnly:false HLODRelevant:false ListedInSceneOutliner:true IsMainWorldOnly:false FolderPath:Lighting FolderGuid:08A10B054C95868C663DE39EE4343813
 |   |   |- Guid:EC3BEE13ADDA368EB9B48AD2B526F168 NativeClass:/Script/Engine.StaticMeshActor Name:StaticMeshActor_41 Label:SM_ChamferCube3 SpatiallyLoaded:true EditorBounds:IsValid=true, Min=(X=2560.000 Y=2290.000 Z=0.013), Max=(X=2660.000 Y=2390.000 Z=100.013) RuntimeBounds:IsValid=true, Min=(X=2560.000 Y=2290.000 Z=0.013), Max=(X=2660.000 Y=2390.000 Z=100.013) RuntimeGrid:None EditorOnly:false RuntimeOnly:false HLODRelevant:false ListedInSceneOutliner:true IsMainWorldOnly:false
 |   |   |- Guid:ECFC55260C1A3334860A8719B3B17AE4 NativeClass:/Script/Engine.PlayerStart Name:PlayerStart_0 Label:PlayerStart SpatiallyLoaded:false EditorBounds:IsValid=true, Min=(X=1482.000 Y=62.000 Z=-35.987), Max=(X=1738.000 Y=430.000 Z=220.013) RuntimeBounds:IsValid=true, Min=(X=1570.000 Y=150.000 Z=0.013), Max=(X=1650.000 Y=230.000 Z=184.013) RuntimeGrid:None EditorOnly:false RuntimeOnly:false HLODRelevant:false ListedInSceneOutliner:true IsMainWorldOnly:false
 |   |   |- Guid:F2E4A5DAF80331BC83FD845C1F93D0F1 NativeClass:/Script/Engine.StaticMeshActor Name:StaticMeshActor_33 Label:SM_Cube SpatiallyLoaded:true EditorBounds:IsValid=true, Min=(X=0.000 Y=-1450.000 Z=-50.000), Max=(X=3000.000 Y=4950.000 Z=0.000) RuntimeBounds:IsValid=true, Min=(X=0.000 Y=-1450.000 Z=-50.000), Max=(X=3000.000 Y=4950.000 Z=0.000) RuntimeGrid:None EditorOnly:false RuntimeOnly:false HLODRelevant:true ListedInSceneOutliner:true IsMainWorldOnly:false FolderPath:Playground FolderGuid:8CD33C9A4E75AD59B95486AC740693D6
 |   |   |- Guid:F999904DEF653984BDA2EB8CC56F5A1A NativeClass:/Script/Engine.WorldDataLayers Name:WorldDataLayers Label:WorldDataLayers-1 SpatiallyLoaded:false EditorBounds:IsValid=false, Min=(X=0.000 Y=0.000 Z=0.000), Max=(X=0.000 Y=0.000 Z=0.000) RuntimeBounds:IsValid=false, Min=(X=0.000 Y=0.000 Z=0.000), Max=(X=0.000 Y=0.000 Z=0.000) RuntimeGrid:None EditorOnly:false RuntimeOnly:false HLODRelevant:false ListedInSceneOutliner:true IsMainWorldOnly:true
 |   |- [+] Clusters:
 |   |   |- [+] [  0]
 |   |   |   |- Guid:122E3598EA3E3AEF957A5687F41B79A6 NativeClass:/Script/Engine.StaticMeshActor Name:StaticMeshActor_37 Label:SM_Cube3 SpatiallyLoaded:true EditorBounds:IsValid=true, Min=(X=0.000 Y=4900.000 Z=0.000), Max=(X=3000.000 Y=5000.000 Z=400.000) RuntimeBounds:IsValid=true, Min=(X=0.000 Y=4900.000 Z=0.000), Max=(X=3000.000 Y=5000.000 Z=400.000) RuntimeGrid:None EditorOnly:false RuntimeOnly:false HLODRelevant:true ListedInSceneOutliner:true IsMainWorldOnly:false FolderPath:Playground FolderGuid:8CD33C9A4E75AD59B95486AC740693D6
 |   |   |- [+] [  1]
 |   |   |   |- Guid:27D649726ACD3933A16B0487A05421F8 NativeClass:/Script/Engine.StaticMeshActor Name:StaticMeshActor_UAID_D4D853DAEA85EE5C02_1450201540 Label:SM_Cube7 SpatiallyLoaded:true EditorBounds:IsValid=true, Min=(X=2900.000 Y=-1510.000 Z=0.000), Max=(X=3000.000 Y=1690.000 Z=400.000) RuntimeBounds:IsValid=true, Min=(X=2900.000 Y=-1510.000 Z=0.000), Max=(X=3000.000 Y=1690.000 Z=400.000) RuntimeGrid:None EditorOnly:false RuntimeOnly:false HLODRelevant:true ListedInSceneOutliner:true IsMainWorldOnly:false FolderPath:Playground FolderGuid:8CD33C9A4E75AD59B95486AC740693D6
 |   |   |- [+] [  2]
 |   |   |   |- Guid:2A180340A65631C597D362D561AB6B4B NativeClass:/Script/Engine.TextRenderActor Name:TextRenderActor_1 Label:TextRenderActor SpatiallyLoaded:true EditorBounds:IsValid=true, Min=(X=-128.100 Y=972.000 Z=12.013), Max=(X=127.900 Y=2392.308 Z=268.013) RuntimeBounds:IsValid=true, Min=(X=-0.100 Y=1100.000 Z=65.013), Max=(X=-0.100 Y=2392.308 Z=215.013) RuntimeGrid:None EditorOnly:false RuntimeOnly:false HLODRelevant:false ListedInSceneOutliner:true IsMainWorldOnly:false
 |   |   |- [+] [  3]
 |   |   |   |- Guid:2D7A5A7536DB3B53AD19A5F8238744F9 NativeClass:/Script/Engine.StaticMeshActor Name:StaticMeshActor_34 Label:SM_ChamferCube SpatiallyLoaded:true EditorBounds:IsValid=true, Min=(X=2550.000 Y=2940.000 Z=0.013), Max=(X=2650.000 Y=3040.000 Z=100.013) RuntimeBounds:IsValid=true, Min=(X=2550.000 Y=2940.000 Z=0.013), Max=(X=2650.000 Y=3040.000 Z=100.013) RuntimeGrid:None EditorOnly:false RuntimeOnly:false HLODRelevant:false ListedInSceneOutliner:true IsMainWorldOnly:false
 |   |   |- [+] [  4]
 |   |   |   |- Guid:2E79290F0B1D342699DEE57F025D0C88 NativeClass:/Script/Engine.StaticMeshActor Name:StaticMeshActor_42 Label:SM_Cube5 SpatiallyLoaded:true EditorBounds:IsValid=true, Min=(X=-0.000 Y=1680.000 Z=0.000), Max=(X=100.000 Y=4980.000 Z=400.000) RuntimeBounds:IsValid=true, Min=(X=-0.000 Y=1680.000 Z=0.000), Max=(X=100.000 Y=4980.000 Z=400.000) RuntimeGrid:None EditorOnly:false RuntimeOnly:false HLODRelevant:true ListedInSceneOutliner:true IsMainWorldOnly:false FolderPath:Playground FolderGuid:8CD33C9A4E75AD59B95486AC740693D6
 |   |   |- [+] [  5]
 |   |   |   |- Guid:302B9D1F7DAC31F79092B03C6E02DA9A NativeClass:/Script/Engine.SkyLight Name:SkyLight_0 Label:SkyLight SpatiallyLoaded:false EditorBounds:IsValid=true, Min=(X=-1.000 Y=-1.000 Z=-1.000), Max=(X=1.000 Y=1.000 Z=690.000) RuntimeBounds:IsValid=true, Min=(X=0.000 Y=0.000 Z=690.000), Max=(X=0.000 Y=0.000 Z=690.000) RuntimeGrid:None EditorOnly:false RuntimeOnly:false HLODRelevant:false ListedInSceneOutliner:true IsMainWorldOnly:false FolderPath:Lighting FolderGuid:08A10B054C95868C663DE39EE4343813
 |   |   |- [+] [  6]
 |   |   |   |- Guid:3329E642EBFD3D8A826833EAF4C57AB8 NativeClass:/Script/Engine.StaticMeshActor Name:StaticMeshActor_UAID_D4D853DAEA85EE5C02_1261204538 Label:SM_ChamferCube7 SpatiallyLoaded:true EditorBounds:IsValid=true, Min=(X=2550.000 Y=980.000 Z=0.013), Max=(X=2650.000 Y=1080.000 Z=100.013) RuntimeBounds:IsValid=true, Min=(X=2550.000 Y=980.000 Z=0.013), Max=(X=2650.000 Y=1080.000 Z=100.013) RuntimeGrid:None EditorOnly:false RuntimeOnly:false HLODRelevant:false ListedInSceneOutliner:true IsMainWorldOnly:false
 |   |   |- [+] [  7]
 |   |   |   |- Guid:5278B2752FD83BAB8A35C647805C4A7B NativeClass:/Script/Engine.StaticMeshActor Name:StaticMeshActor_UAID_D4D853DAEA85EE5C02_1248950535 Label:SM_ChamferCube4 SpatiallyLoaded:true EditorBounds:IsValid=true, Min=(X=550.000 Y=2290.000 Z=0.013), Max=(X=650.000 Y=2390.000 Z=100.013) RuntimeBounds:IsValid=true, Min=(X=550.000 Y=2290.000 Z=0.013), Max=(X=650.000 Y=2390.000 Z=100.013) RuntimeGrid:None EditorOnly:false RuntimeOnly:false HLODRelevant:false ListedInSceneOutliner:true IsMainWorldOnly:false
 |   |   |- [+] [  8]
 |   |   |   |- Guid:590575AFF28733FABC40770FE2FB4FEA NativeClass:/Script/Engine.StaticMeshActor Name:StaticMeshActor_UAID_D4D853DAEA85EE5C02_1261203537 Label:SM_ChamferCube6 SpatiallyLoaded:true EditorBounds:IsValid=true, Min=(X=550.000 Y=930.000 Z=0.013), Max=(X=650.000 Y=1030.000 Z=100.013) RuntimeBounds:IsValid=true, Min=(X=550.000 Y=930.000 Z=0.013), Max=(X=650.000 Y=1030.000 Z=100.013) RuntimeGrid:None EditorOnly:false RuntimeOnly:false HLODRelevant:false ListedInSceneOutliner:true IsMainWorldOnly:false
 |   |   |- [+] [  9]
 |   |   |   |- Guid:7043C07D783C33D69C911F506FD270D0 NativeClass:/Script/Engine.StaticMeshActor Name:StaticMeshActor_40 Label:SM_ChamferCube2 SpatiallyLoaded:true EditorBounds:IsValid=true, Min=(X=550.000 Y=2890.000 Z=0.013), Max=(X=650.000 Y=2990.000 Z=100.013) RuntimeBounds:IsValid=true, Min=(X=550.000 Y=2890.000 Z=0.013), Max=(X=650.000 Y=2990.000 Z=100.013) RuntimeGrid:None EditorOnly:false RuntimeOnly:false HLODRelevant:false ListedInSceneOutliner:true IsMainWorldOnly:false
 |   |   |- [+] [ 10]
 |   |   |   |- Guid:73137936F2D937F480729C4C6D04D2CC NativeClass:/Script/Engine.VolumetricCloud Name:VolumetricCloud_1 Label:VolumetricCloud SpatiallyLoaded:false EditorBounds:IsValid=true, Min=(X=-128.000 Y=-128.000 Z=692.000), Max=(X=128.000 Y=128.000 Z=948.000) RuntimeBounds:IsValid=true, Min=(X=0.000 Y=0.000 Z=820.000), Max=(X=0.000 Y=0.000 Z=820.000) RuntimeGrid:None EditorOnly:false RuntimeOnly:false HLODRelevant:false ListedInSceneOutliner:true IsMainWorldOnly:false FolderPath:Lighting FolderGuid:08A10B054C95868C663DE39EE4343813
 |   |   |- [+] [ 11]
 |   |   |   |- Guid:79C0196242ECF67825AEF7BC74ABB899 NativeClass:/Script/Engine.PlayerStart Name:PlayerStart_UAID_D4D853DAEA85EE5C02_1663816542 Label:PlayerStart2 SpatiallyLoaded:false EditorBounds:IsValid=true, Min=(X=1482.000 Y=1130.000 Z=-35.987), Max=(X=1738.000 Y=1498.000 Z=220.013) RuntimeBounds:IsValid=true, Min=(X=1570.000 Y=1330.000 Z=0.013), Max=(X=1650.000 Y=1410.000 Z=184.013) RuntimeGrid:None EditorOnly:false RuntimeOnly:false HLODRelevant:false ListedInSceneOutliner:true IsMainWorldOnly:false
 |   |   |- [+] [ 12]
 |   |   |   |- Guid:889F227BD62330A18AFACF56894712AD NativeClass:/Script/Engine.StaticMeshActor Name:StaticMeshActor_43 Label:SM_Cube6 SpatiallyLoaded:true EditorBounds:IsValid=true, Min=(X=2900.000 Y=1680.000 Z=0.000), Max=(X=3000.000 Y=4980.000 Z=400.000) RuntimeBounds:IsValid=true, Min=(X=2900.000 Y=1680.000 Z=0.000), Max=(X=3000.000 Y=4980.000 Z=400.000) RuntimeGrid:None EditorOnly:false RuntimeOnly:false HLODRelevant:true ListedInSceneOutliner:true IsMainWorldOnly:false FolderPath:Playground FolderGuid:8CD33C9A4E75AD59B95486AC740693D6
 |   |   |- [+] [ 13]
 |   |   |   |- Guid:8B22B95643360BC8A70B8EBC74C50534 BaseClass:/Game/_RHB_MAIN/Blueprints/AActors/BP_RHB_GameBall.BP_RHB_GameBall_C NativeClass:/Script/Robots_HeadBall.RHB_GameBall Name:BP_RHB_GameBall_C_UAID_D4D853DAEA85FE5C02_1404888351 Label:BP_RHB_GameBall SpatiallyLoaded:true EditorBounds:IsValid=true, Min=(X=1642.500 Y=822.500 Z=202.500), Max=(X=1677.500 Y=857.500 Z=237.500) RuntimeBounds:IsValid=true, Min=(X=1642.500 Y=822.500 Z=202.500), Max=(X=1677.500 Y=857.500 Z=237.500) RuntimeGrid:None EditorOnly:false RuntimeOnly:false HLODRelevant:false ListedInSceneOutliner:true IsMainWorldOnly:false
 |   |   |- [+] [ 14]
 |   |   |   |- Guid:8EDD8922F2253798AA8CAEDF650DE0C7 NativeClass:/Script/Engine.StaticMeshActor Name:StaticMeshActor_UAID_D4D853DAEA85EE5C02_1450203541 Label:SM_Cube8 SpatiallyLoaded:true EditorBounds:IsValid=true, Min=(X=-0.000 Y=-1510.000 Z=0.000), Max=(X=100.000 Y=1690.000 Z=400.000) RuntimeBounds:IsValid=true, Min=(X=-0.000 Y=-1510.000 Z=0.000), Max=(X=100.000 Y=1690.000 Z=400.000) RuntimeGrid:None EditorOnly:false RuntimeOnly:false HLODRelevant:true ListedInSceneOutliner:true IsMainWorldOnly:false FolderPath:Playground FolderGuid:8CD33C9A4E75AD59B95486AC740693D6
 |   |   |- [+] [ 15]
 |   |   |   |- Guid:91384DE652AA3151BDF43A0D0BB5D5C7 NativeClass:/Script/Engine.StaticMeshActor Name:StaticMeshActor_36 Label:SM_Cube2 SpatiallyLoaded:true EditorBounds:IsValid=true, Min=(X=0.000 Y=-1500.000 Z=0.000), Max=(X=3000.000 Y=-1400.000 Z=400.000) RuntimeBounds:IsValid=true, Min=(X=0.000 Y=-1500.000 Z=0.000), Max=(X=3000.000 Y=-1400.000 Z=400.000) RuntimeGrid:None EditorOnly:false RuntimeOnly:false HLODRelevant:true ListedInSceneOutliner:true IsMainWorldOnly:false FolderPath:Playground FolderGuid:8CD33C9A4E75AD59B95486AC740693D6
 |   |   |- [+] [ 16]
 |   |   |   |- Guid:A5E314C0EAD535509909536C98D31582 NativeClass:/Script/Engine.ExponentialHeightFog Name:ExponentialHeightFog_1 Label:ExponentialHeightFog SpatiallyLoaded:false EditorBounds:IsValid=true, Min=(X=-5728.000 Y=-178.000 Z=-6978.000), Max=(X=-5472.000 Y=78.000 Z=-6722.000) RuntimeBounds:IsValid=true, Min=(X=-5600.000 Y=-50.000 Z=-6850.000), Max=(X=-5600.000 Y=-50.000 Z=-6850.000) RuntimeGrid:None EditorOnly:false RuntimeOnly:false HLODRelevant:false ListedInSceneOutliner:true IsMainWorldOnly:false FolderPath:Lighting FolderGuid:08A10B054C95868C663DE39EE4343813
 |   |   |- [+] [ 17]
 |   |   |   |- Guid:A984D653E38130769CE74A07BF867469 NativeClass:/Script/Engine.PostProcessVolume Name:PostProcessVolume_0 Label:PostProcessVolume SpatiallyLoaded:false EditorBounds:IsValid=true, Min=(X=0.000 Y=0.000 Z=400.000), Max=(X=200.000 Y=200.000 Z=600.000) RuntimeBounds:IsValid=true, Min=(X=0.000 Y=0.000 Z=400.000), Max=(X=200.000 Y=200.000 Z=600.000) RuntimeGrid:None EditorOnly:false RuntimeOnly:false HLODRelevant:false ListedInSceneOutliner:true IsMainWorldOnly:false FolderPath:Lighting FolderGuid:08A10B054C95868C663DE39EE4343813
 |   |   |- [+] [ 18]
 |   |   |   |- Guid:CC6E1A432DCA3B318314900B214B4D45 NativeClass:/Script/Engine.StaticMeshActor Name:StaticMeshActor_UAID_A4AE111137DC5EFB00_1594956423 Label:SM_SkySphere SpatiallyLoaded:false EditorBounds:IsValid=true, Min=(X=-1638400.000 Y=-1638400.000 Z=-1638400.000), Max=(X=1638400.000 Y=1638400.000 Z=1638400.000) RuntimeBounds:IsValid=true, Min=(X=-1638400.000 Y=-1638400.000 Z=-1638400.000), Max=(X=1638400.000 Y=1638400.000 Z=1638400.000) RuntimeGrid:None EditorOnly:false RuntimeOnly:false HLODRelevant:false ListedInSceneOutliner:true IsMainWorldOnly:false FolderPath:Lighting FolderGuid:08A10B054C95868C663DE39EE4343813
 |   |   |- [+] [ 19]
 |   |   |   |- Guid:CCE4F61F1B6B35129CA5D7CA5FBB3D15 NativeClass:/Script/Engine.SkyAtmosphere Name:SkyAtmosphere_1 Label:SkyAtmosphere SpatiallyLoaded:false EditorBounds:IsValid=true, Min=(X=-128.000 Y=-128.000 Z=892.000), Max=(X=240.000 Y=128.000 Z=1148.000) RuntimeBounds:IsValid=true, Min=(X=0.000 Y=0.000 Z=1020.000), Max=(X=0.000 Y=0.000 Z=1020.000) RuntimeGrid:None EditorOnly:false RuntimeOnly:false HLODRelevant:false ListedInSceneOutliner:true IsMainWorldOnly:false FolderPath:Lighting FolderGuid:08A10B054C95868C663DE39EE4343813
 |   |   |- [+] [ 20]
 |   |   |   |- Guid:D9BF3F32FE053091BDE48ED4E992207A NativeClass:/Script/Engine.StaticMeshActor Name:StaticMeshActor_UAID_D4D853DAEA85EE5C02_1261201536 Label:SM_ChamferCube5 SpatiallyLoaded:true EditorBounds:IsValid=true, Min=(X=2560.000 Y=330.000 Z=0.013), Max=(X=2660.000 Y=430.000 Z=100.013) RuntimeBounds:IsValid=true, Min=(X=2560.000 Y=330.000 Z=0.013), Max=(X=2660.000 Y=430.000 Z=100.013) RuntimeGrid:None EditorOnly:false RuntimeOnly:false HLODRelevant:false ListedInSceneOutliner:true IsMainWorldOnly:false
 |   |   |- [+] [ 21]
 |   |   |   |- Guid:E0F45CBFFF8B3661831C5D484F9AC140 NativeClass:/Script/Engine.StaticMeshActor Name:StaticMeshActor_UAID_D4D853DAEA85EE5C02_1261205539 Label:SM_ChamferCube8 SpatiallyLoaded:true EditorBounds:IsValid=true, Min=(X=550.000 Y=330.000 Z=0.013), Max=(X=650.000 Y=430.000 Z=100.013) RuntimeBounds:IsValid=true, Min=(X=550.000 Y=330.000 Z=0.013), Max=(X=650.000 Y=430.000 Z=100.013) RuntimeGrid:None EditorOnly:false RuntimeOnly:false HLODRelevant:false ListedInSceneOutliner:true IsMainWorldOnly:false
 |   |   |- [+] [ 22]
 |   |   |   |- Guid:E76369FDDCD336EDADAFB90F197FB16F NativeClass:/Script/Engine.DirectionalLight Name:DirectionalLight_1 Label:DirectionalLight SpatiallyLoaded:false EditorBounds:IsValid=false, Min=(X=0.000 Y=0.000 Z=0.000), Max=(X=0.000 Y=0.000 Z=0.000) RuntimeBounds:IsValid=false, Min=(X=0.000 Y=0.000 Z=0.000), Max=(X=0.000 Y=0.000 Z=0.000) RuntimeGrid:None EditorOnly:false RuntimeOnly:false HLODRelevant:false ListedInSceneOutliner:true IsMainWorldOnly:false FolderPath:Lighting FolderGuid:08A10B054C95868C663DE39EE4343813
 |   |   |- [+] [ 23]
 |   |   |   |- Guid:EC3BEE13ADDA368EB9B48AD2B526F168 NativeClass:/Script/Engine.StaticMeshActor Name:StaticMeshActor_41 Label:SM_ChamferCube3 SpatiallyLoaded:true EditorBounds:IsValid=true, Min=(X=2560.000 Y=2290.000 Z=0.013), Max=(X=2660.000 Y=2390.000 Z=100.013) RuntimeBounds:IsValid=true, Min=(X=2560.000 Y=2290.000 Z=0.013), Max=(X=2660.000 Y=2390.000 Z=100.013) RuntimeGrid:None EditorOnly:false RuntimeOnly:false HLODRelevant:false ListedInSceneOutliner:true IsMainWorldOnly:false
 |   |   |- [+] [ 24]
 |   |   |   |- Guid:ECFC55260C1A3334860A8719B3B17AE4 NativeClass:/Script/Engine.PlayerStart Name:PlayerStart_0 Label:PlayerStart SpatiallyLoaded:false EditorBounds:IsValid=true, Min=(X=1482.000 Y=62.000 Z=-35.987), Max=(X=1738.000 Y=430.000 Z=220.013) RuntimeBounds:IsValid=true, Min=(X=1570.000 Y=150.000 Z=0.013), Max=(X=1650.000 Y=230.000 Z=184.013) RuntimeGrid:None EditorOnly:false RuntimeOnly:false HLODRelevant:false ListedInSceneOutliner:true IsMainWorldOnly:false
 |   |   |- [+] [ 25]
 |   |   |   |- Guid:F2E4A5DAF80331BC83FD845C1F93D0F1 NativeClass:/Script/Engine.StaticMeshActor Name:StaticMeshActor_33 Label:SM_Cube SpatiallyLoaded:true EditorBounds:IsValid=true, Min=(X=0.000 Y=-1450.000 Z=-50.000), Max=(X=3000.000 Y=4950.000 Z=0.000) RuntimeBounds:IsValid=true, Min=(X=0.000 Y=-1450.000 Z=-50.000), Max=(X=3000.000 Y=4950.000 Z=0.000) RuntimeGrid:None EditorOnly:false RuntimeOnly:false HLODRelevant:true ListedInSceneOutliner:true IsMainWorldOnly:false FolderPath:Playground FolderGuid:8CD33C9A4E75AD59B95486AC740693D6
 |   |   |- [+] [ 26]
 |   |   |   |- Guid:F999904DEF653984BDA2EB8CC56F5A1A NativeClass:/Script/Engine.WorldDataLayers Name:WorldDataLayers Label:WorldDataLayers-1 SpatiallyLoaded:false EditorBounds:IsValid=false, Min=(X=0.000 Y=0.000 Z=0.000), Max=(X=0.000 Y=0.000 Z=0.000) RuntimeBounds:IsValid=false, Min=(X=0.000 Y=0.000 Z=0.000), Max=(X=0.000 Y=0.000 Z=0.000) RuntimeGrid:None EditorOnly:false RuntimeOnly:false HLODRelevant:false ListedInSceneOutliner:true IsMainWorldOnly:true
 |- ContainerInstances:
 |- [+] MainContainer:
 |   |-        ID: 00000000000000000000000000000000
 |   |-  ParentID: 00000000000000000000000000000000
 |   |-    Bounds: IsValid=false, Min=(X=0.000 Y=0.000 Z=0.000), Max=(X=0.000 Y=0.000 Z=0.000)
 |   |- Transform: 0.000000,0.000000,0.000000|0.000000,0.000000,-0.000000|1.000000,1.000000,1.000000
 |   |- Container: /Game/_RHB_MAIN/Levels/Main_Arena
----------------------------------------------------------------------------------------------------------------
Main_Arena - Persistent Level
----------------------------------------------------------------------------------------------------------------
[+] Content of Main_Arena Persistent Level
 |- Always loaded Actor Count: 27 
 |- Actor Path: /Game/_RHB_MAIN/Levels/Main_Arena.Main_Arena:PersistentLevel.BP_RHB_GameBall_C_UAID_D4D853DAEA85FE5C02_1404888351
 |- Actor Package: /Game/__ExternalActors__/_RHB_MAIN/Levels/Main_Arena/6/7X/PR8ZO2EQRTX6IFYKD3HZOL
 |- Actor Path: /Game/_RHB_MAIN/Levels/Main_Arena.Main_Arena:PersistentLevel.DirectionalLight_1
 |- Actor Package: /Game/__ExternalActors__/_RHB_MAIN/Levels/Main_Arena/1/JJ/H88Y3YCE59G61OSQYV2IYQ
 |- Actor Path: /Game/_RHB_MAIN/Levels/Main_Arena.Main_Arena:PersistentLevel.ExponentialHeightFog_1
 |- Actor Package: /Game/__ExternalActors__/_RHB_MAIN/Levels/Main_Arena/B/34/PL94HB92AGPRBAT9R6G0QG
 |- Actor Path: /Game/_RHB_MAIN/Levels/Main_Arena.Main_Arena:PersistentLevel.PlayerStart_0
 |- Actor Package: /Game/__ExternalActors__/_RHB_MAIN/Levels/Main_Arena/B/QY/XWJM9F7SV54SWC90PTVEJO
 |- Actor Path: /Game/_RHB_MAIN/Levels/Main_Arena.Main_Arena:PersistentLevel.PlayerStart_UAID_D4D853DAEA85EE5C02_1663816542
 |- Actor Package: /Game/__ExternalActors__/_RHB_MAIN/Levels/Main_Arena/D/9T/0UEIHRXFF8O82DJK3ZKLC7
 |- Actor Path: /Game/_RHB_MAIN/Levels/Main_Arena.Main_Arena:PersistentLevel.PostProcessVolume_0
 |- Actor Package: /Game/__ExternalActors__/_RHB_MAIN/Levels/Main_Arena/7/6F/7IIXZZV3L868P97FWLXVOX
 |- Actor Path: /Game/_RHB_MAIN/Levels/Main_Arena.Main_Arena:PersistentLevel.SkyAtmosphere_1
 |- Actor Package: /Game/__ExternalActors__/_RHB_MAIN/Levels/Main_Arena/4/GR/T1JWI8WUV2FX781AI9N4J2
 |- Actor Path: /Game/_RHB_MAIN/Levels/Main_Arena.Main_Arena:PersistentLevel.SkyLight_0
 |- Actor Package: /Game/__ExternalActors__/_RHB_MAIN/Levels/Main_Arena/9/JZ/OBOFP8XV4FEMB1UW9CGW8Y
 |- Actor Path: /Game/_RHB_MAIN/Levels/Main_Arena.Main_Arena:PersistentLevel.StaticMeshActor_33
 |- Actor Package: /Game/__ExternalActors__/_RHB_MAIN/Levels/Main_Arena/1/4M/HOQ9ONQ9H61UJYQZVWHCRF
 |- Actor Path: /Game/_RHB_MAIN/Levels/Main_Arena.Main_Arena:PersistentLevel.StaticMeshActor_34
 |- Actor Package: /Game/__ExternalActors__/_RHB_MAIN/Levels/Main_Arena/C/CK/K4Z3HX3JD0213RVXX77U5T
 |- Actor Path: /Game/_RHB_MAIN/Levels/Main_Arena.Main_Arena:PersistentLevel.StaticMeshActor_36
 |- Actor Package: /Game/__ExternalActors__/_RHB_MAIN/Levels/Main_Arena/9/3Q/7MBEW6UPVJYW53N1XUQ3LW
 |- Actor Path: /Game/_RHB_MAIN/Levels/Main_Arena.Main_Arena:PersistentLevel.StaticMeshActor_37
 |- Actor Package: /Game/__ExternalActors__/_RHB_MAIN/Levels/Main_Arena/7/EA/15XDE53QGDJIDM0G8V8MT0
 |- Actor Path: /Game/_RHB_MAIN/Levels/Main_Arena.Main_Arena:PersistentLevel.StaticMeshActor_40
 |- Actor Package: /Game/__ExternalActors__/_RHB_MAIN/Levels/Main_Arena/9/L2/66QJLE5OKYLIJ5GM7X3IIW
 |- Actor Path: /Game/_RHB_MAIN/Levels/Main_Arena.Main_Arena:PersistentLevel.StaticMeshActor_41
 |- Actor Package: /Game/__ExternalActors__/_RHB_MAIN/Levels/Main_Arena/5/L4/LRAFJXIDFJWMQ5W50HSZ3R
 |- Actor Path: /Game/_RHB_MAIN/Levels/Main_Arena.Main_Arena:PersistentLevel.StaticMeshActor_42
 |- Actor Package: /Game/__ExternalActors__/_RHB_MAIN/Levels/Main_Arena/1/7P/G2NOXK7X73UNI3V4C2SN1V
 |- Actor Path: /Game/_RHB_MAIN/Levels/Main_Arena.Main_Arena:PersistentLevel.StaticMeshActor_43
 |- Actor Package: /Game/__ExternalActors__/_RHB_MAIN/Levels/Main_Arena/C/P6/JBVAGI9WDR9J1O2B6OUVZ2
 |- Actor Path: /Game/_RHB_MAIN/Levels/Main_Arena.Main_Arena:PersistentLevel.StaticMeshActor_UAID_A4AE111137DC5EFB00_1594956423
 |- Actor Package: /Game/__ExternalActors__/_RHB_MAIN/Levels/Main_Arena/7/WA/BQ7A6OGJOVEZMWI7RR41PN
 |- Actor Path: /Game/_RHB_MAIN/Levels/Main_Arena.Main_Arena:PersistentLevel.StaticMeshActor_UAID_D4D853DAEA85EE5C02_1248950535
 |- Actor Package: /Game/__ExternalActors__/_RHB_MAIN/Levels/Main_Arena/A/PU/RFOFYDRMW5D0YPN9LADCVT
 |- Actor Path: /Game/_RHB_MAIN/Levels/Main_Arena.Main_Arena:PersistentLevel.StaticMeshActor_UAID_D4D853DAEA85EE5C02_1261201536
 |- Actor Package: /Game/__ExternalActors__/_RHB_MAIN/Levels/Main_Arena/1/R1/89ZO45FM3T7EABQXUHS8D6
 |- Actor Path: /Game/_RHB_MAIN/Levels/Main_Arena.Main_Arena:PersistentLevel.StaticMeshActor_UAID_D4D853DAEA85EE5C02_1261203537
 |- Actor Package: /Game/__ExternalActors__/_RHB_MAIN/Levels/Main_Arena/4/45/TS6QIXOKCW7U3OE9TLAPRS
 |- Actor Path: /Game/_RHB_MAIN/Levels/Main_Arena.Main_Arena:PersistentLevel.StaticMeshActor_UAID_D4D853DAEA85EE5C02_1261204538
 |- Actor Package: /Game/__ExternalActors__/_RHB_MAIN/Levels/Main_Arena/1/AL/U1A4NSE694K3OW3BVO9FQA
 |- Actor Path: /Game/_RHB_MAIN/Levels/Main_Arena.Main_Arena:PersistentLevel.StaticMeshActor_UAID_D4D853DAEA85EE5C02_1261205539
 |- Actor Package: /Game/__ExternalActors__/_RHB_MAIN/Levels/Main_Arena/6/JI/TBPNFSKOA8ESUDXVVZGOEJ
 |- Actor Path: /Game/_RHB_MAIN/Levels/Main_Arena.Main_Arena:PersistentLevel.StaticMeshActor_UAID_D4D853DAEA85EE5C02_1450201540
 |- Actor Package: /Game/__ExternalActors__/_RHB_MAIN/Levels/Main_Arena/5/ZJ/6ZU2SVOLDCZ75CO7EZIXAZ
 |- Actor Path: /Game/_RHB_MAIN/Levels/Main_Arena.Main_Arena:PersistentLevel.StaticMeshActor_UAID_D4D853DAEA85EE5C02_1450203541
 |- Actor Package: /Game/__ExternalActors__/_RHB_MAIN/Levels/Main_Arena/3/7Y/IB9SQWWLLQEKGMMAUT6KTH
 |- Actor Path: /Game/_RHB_MAIN/Levels/Main_Arena.Main_Arena:PersistentLevel.TextRenderActor_1
 |- Actor Package: /Game/__ExternalActors__/_RHB_MAIN/Levels/Main_Arena/5/U0/OH4M291X0BISIRVO3D14E2
 |- Actor Path: /Game/_RHB_MAIN/Levels/Main_Arena.Main_Arena:PersistentLevel.VolumetricCloud_1
 |- Actor Package: /Game/__ExternalActors__/_RHB_MAIN/Levels/Main_Arena/6/Z2/N21MHIR5ITN2HMBHVLAGJ5
 |- Actor Path: /Game/_RHB_MAIN/Levels/Main_Arena.Main_Arena:PersistentLevel.WorldDataLayers
 |- Actor Package: /Game/__ExternalActors__/_RHB_MAIN/Levels/Main_Arena/E/GB/BK03VO2ZXV2XUKDT2TOH0Z

----------------------------------------------------------------------------------------------------------------
Main_Arena - Runtime Hash Set
----------------------------------------------------------------------------------------------------------------

